Archive member included to satisfy reference by file (symbol)

C:/Users/abel/Desktop/folder of Life/hass/STM32CubeIDE/plugins/com.st.stm32cube.ide.mcu.externaltools.gnu-tools-for-stm32.12.3.rel1.win32_1.0.100.202403111256/tools/bin/../lib/gcc/arm-none-eabi/12.3.1/../../../../arm-none-eabi/lib/thumb/v7e-m+fp/hard\libc_nano.a(libc_a-exit.o)
                              C:/Users/abel/Desktop/folder of Life/hass/STM32CubeIDE/plugins/com.st.stm32cube.ide.mcu.externaltools.gnu-tools-for-stm32.12.3.rel1.win32_1.0.100.202403111256/tools/bin/../lib/gcc/arm-none-eabi/12.3.1/../../../../arm-none-eabi/lib/thumb/v7e-m+fp/hard/crt0.o (exit)
C:/Users/abel/Desktop/folder of Life/hass/STM32CubeIDE/plugins/com.st.stm32cube.ide.mcu.externaltools.gnu-tools-for-stm32.12.3.rel1.win32_1.0.100.202403111256/tools/bin/../lib/gcc/arm-none-eabi/12.3.1/../../../../arm-none-eabi/lib/thumb/v7e-m+fp/hard\libc_nano.a(libc_a-findfp.o)
                              C:/Users/abel/Desktop/folder of Life/hass/STM32CubeIDE/plugins/com.st.stm32cube.ide.mcu.externaltools.gnu-tools-for-stm32.12.3.rel1.win32_1.0.100.202403111256/tools/bin/../lib/gcc/arm-none-eabi/12.3.1/../../../../arm-none-eabi/lib/thumb/v7e-m+fp/hard\libc_nano.a(libc_a-exit.o) (__stdio_exit_handler)
C:/Users/abel/Desktop/folder of Life/hass/STM32CubeIDE/plugins/com.st.stm32cube.ide.mcu.externaltools.gnu-tools-for-stm32.12.3.rel1.win32_1.0.100.202403111256/tools/bin/../lib/gcc/arm-none-eabi/12.3.1/../../../../arm-none-eabi/lib/thumb/v7e-m+fp/hard\libc_nano.a(libc_a-fwalk.o)
                              C:/Users/abel/Desktop/folder of Life/hass/STM32CubeIDE/plugins/com.st.stm32cube.ide.mcu.externaltools.gnu-tools-for-stm32.12.3.rel1.win32_1.0.100.202403111256/tools/bin/../lib/gcc/arm-none-eabi/12.3.1/../../../../arm-none-eabi/lib/thumb/v7e-m+fp/hard\libc_nano.a(libc_a-findfp.o) (_fwalk_sglue)
C:/Users/abel/Desktop/folder of Life/hass/STM32CubeIDE/plugins/com.st.stm32cube.ide.mcu.externaltools.gnu-tools-for-stm32.12.3.rel1.win32_1.0.100.202403111256/tools/bin/../lib/gcc/arm-none-eabi/12.3.1/../../../../arm-none-eabi/lib/thumb/v7e-m+fp/hard\libc_nano.a(libc_a-stdio.o)
                              C:/Users/abel/Desktop/folder of Life/hass/STM32CubeIDE/plugins/com.st.stm32cube.ide.mcu.externaltools.gnu-tools-for-stm32.12.3.rel1.win32_1.0.100.202403111256/tools/bin/../lib/gcc/arm-none-eabi/12.3.1/../../../../arm-none-eabi/lib/thumb/v7e-m+fp/hard\libc_nano.a(libc_a-findfp.o) (__sread)
C:/Users/abel/Desktop/folder of Life/hass/STM32CubeIDE/plugins/com.st.stm32cube.ide.mcu.externaltools.gnu-tools-for-stm32.12.3.rel1.win32_1.0.100.202403111256/tools/bin/../lib/gcc/arm-none-eabi/12.3.1/../../../../arm-none-eabi/lib/thumb/v7e-m+fp/hard\libc_nano.a(libc_a-memset.o)
                              C:/Users/abel/Desktop/folder of Life/hass/STM32CubeIDE/plugins/com.st.stm32cube.ide.mcu.externaltools.gnu-tools-for-stm32.12.3.rel1.win32_1.0.100.202403111256/tools/bin/../lib/gcc/arm-none-eabi/12.3.1/../../../../arm-none-eabi/lib/thumb/v7e-m+fp/hard/crt0.o (memset)
C:/Users/abel/Desktop/folder of Life/hass/STM32CubeIDE/plugins/com.st.stm32cube.ide.mcu.externaltools.gnu-tools-for-stm32.12.3.rel1.win32_1.0.100.202403111256/tools/bin/../lib/gcc/arm-none-eabi/12.3.1/../../../../arm-none-eabi/lib/thumb/v7e-m+fp/hard\libc_nano.a(libc_a-closer.o)
                              C:/Users/abel/Desktop/folder of Life/hass/STM32CubeIDE/plugins/com.st.stm32cube.ide.mcu.externaltools.gnu-tools-for-stm32.12.3.rel1.win32_1.0.100.202403111256/tools/bin/../lib/gcc/arm-none-eabi/12.3.1/../../../../arm-none-eabi/lib/thumb/v7e-m+fp/hard\libc_nano.a(libc_a-stdio.o) (_close_r)
C:/Users/abel/Desktop/folder of Life/hass/STM32CubeIDE/plugins/com.st.stm32cube.ide.mcu.externaltools.gnu-tools-for-stm32.12.3.rel1.win32_1.0.100.202403111256/tools/bin/../lib/gcc/arm-none-eabi/12.3.1/../../../../arm-none-eabi/lib/thumb/v7e-m+fp/hard\libc_nano.a(libc_a-reent.o)
                              C:/Users/abel/Desktop/folder of Life/hass/STM32CubeIDE/plugins/com.st.stm32cube.ide.mcu.externaltools.gnu-tools-for-stm32.12.3.rel1.win32_1.0.100.202403111256/tools/bin/../lib/gcc/arm-none-eabi/12.3.1/../../../../arm-none-eabi/lib/thumb/v7e-m+fp/hard\libc_nano.a(libc_a-closer.o) (errno)
C:/Users/abel/Desktop/folder of Life/hass/STM32CubeIDE/plugins/com.st.stm32cube.ide.mcu.externaltools.gnu-tools-for-stm32.12.3.rel1.win32_1.0.100.202403111256/tools/bin/../lib/gcc/arm-none-eabi/12.3.1/../../../../arm-none-eabi/lib/thumb/v7e-m+fp/hard\libc_nano.a(libc_a-impure.o)
                              C:/Users/abel/Desktop/folder of Life/hass/STM32CubeIDE/plugins/com.st.stm32cube.ide.mcu.externaltools.gnu-tools-for-stm32.12.3.rel1.win32_1.0.100.202403111256/tools/bin/../lib/gcc/arm-none-eabi/12.3.1/../../../../arm-none-eabi/lib/thumb/v7e-m+fp/hard\libc_nano.a(libc_a-reent.o) (_impure_ptr)
[...]
Memory Configuration

Name             Origin             Length             Attributes
CCMRAM           0x10000000         0x00010000         xrw
RAM              0x20000000         0x00030000         xrw
FLASH            0x08000000         0x00200000         xr
*default*        0x00000000         0xffffffff

Linker script and memory map

LOAD C:/Users/abel/Desktop/folder of Life/hass/STM32CubeIDE/plugins/com.st.stm32cube.ide.mcu.externaltools.gnu-tools-for-stm32.12.3.rel1.win32_1.0.100.202403111256/tools/bin/../lib/gcc/arm-none-eabi/12.3.1/thumb/v7e-m+fp/hard/crti.o
LOAD C:/Users/abel/Desktop/folder of Life/hass/STM32CubeIDE/plugins/com.st.stm32cube.ide.mcu.externaltools.gnu-tools-for-stm32.12.3.rel1.win32_1.0.100.202403111256/tools/bin/../lib/gcc/arm-none-eabi/12.3.1/thumb/v7e-m+fp/hard/crtbegin.o
LOAD C:/Users/abel/Desktop/folder of Life/hass/STM32CubeIDE/plugins/com.st.stm32cube.ide.mcu.externaltools.gnu-tools-for-stm32.12.3.rel1.win32_1.0.100.202403111256/tools/bin/../lib/gcc/arm-none-eabi/12.3.1/../../../../arm-none-eabi/lib/thumb/v7e-m+fp/hard/crt0.o
LOAD ./Core/Src/ds3231.o
LOAD ./Core/Src/ds3231_low_level.o
LOAD ./Core/Src/gpio.o
LOAD ./Core/Src/i2c.o
LOAD ./Core/Src/main.o
LOAD ./Core/Src/spi.o
LOAD ./Core/Src/stm32f1_rc522.o
LOAD ./Core/Src/stm32f4xx_hal_msp.o
LOAD ./Core/Src/stm32f4xx_it.o
LOAD ./Core/Src/syscalls.o
LOAD ./Core/Src/sysmem.o
LOAD ./Core/Src/system_stm32f4xx.o
LOAD ./Core/Src/usart.o
LOAD ./Core/Startup/startup_stm32f429zitx.o
LOAD ./Drivers/STM32F4xx_HAL_Driver/Src/stm32f4xx_hal.o
LOAD ./Drivers/STM32F4xx_HAL_Driver/Src/stm32f4xx_hal_cortex.o
LOAD ./Drivers/STM32F4xx_HAL_Driver/Src/stm32f4xx_hal_dma.o
LOAD ./Drivers/STM32F4xx_HAL_Driver/Src/stm32f4xx_hal_dma_ex.o
LOAD ./Drivers/STM32F4xx_HAL_Driver/Src/stm32f4xx_hal_exti.o
LOAD ./Drivers/STM32F4xx_HAL_Driver/Src/stm32f4xx_hal_flash.o
LOAD ./Drivers/STM32F4xx_HAL_Driver/Src/stm32f4xx_hal_flash_ex.o
LOAD ./Drivers/STM32F4xx_HAL_Driver/Src/stm32f4xx_hal_flash_ramfunc.o
LOAD ./Drivers/STM32F4xx_HAL_Driver/Src/stm32f4xx_hal_gpio.o
LOAD ./Drivers/STM32F4xx_HAL_Driver/Src/stm32f4xx_hal_i2c.o
LOAD ./Drivers/STM32F4xx_HAL_Driver/Src/stm32f4xx_hal_i2c_ex.o
LOAD ./Drivers/STM32F4xx_HAL_Driver/Src/stm32f4xx_hal_pwr.o
LOAD ./Drivers/STM32F4xx_HAL_Driver/Src/stm32f4xx_hal_pwr_ex.o
LOAD ./Drivers/STM32F4xx_HAL_Driver/Src/stm32f4xx_hal_rcc.o
LOAD ./Drivers/STM32F4xx_HAL_Driver/Src/stm32f4xx_hal_rcc_ex.o
LOAD ./Drivers/STM32F4xx_HAL_Driver/Src/stm32f4xx_hal_spi.o
LOAD ./Drivers/STM32F4xx_HAL_Driver/Src/stm32f4xx_hal_tim.o
LOAD ./Drivers/STM32F4xx_HAL_Driver/Src/stm32f4xx_hal_tim_ex.o
LOAD ./Drivers/STM32F4xx_HAL_Driver/Src/stm32f4xx_hal_uart.o
START GROUP
LOAD C:/Users/abel/Desktop/folder of Life/hass/STM32CubeIDE/plugins/com.st.stm32cube.ide.mcu.externaltools.gnu-tools-for-stm32.12.3.rel1.win32_1.0.100.202403111256/tools/bin/../lib/gcc/arm-none-eabi/12.3.1/../../../../arm-none-eabi/lib/thumb/v7e-m+fp/hard\libc_nano.a
LOAD C:/Users/abel/Desktop/folder of Life/hass/STM32CubeIDE/plugins/com.st.stm32cube.ide.mcu.externaltools.gnu-tools-for-stm32.12.3.rel1.win32_1.0.100.202403111256/tools/bin/../lib/gcc/arm-none-eabi/12.3.1/../../../../arm-none-eabi/lib/thumb/v7e-m+fp/hard\libm.a
END GROUP
START GROUP
LOAD C:/Users/abel/Desktop/folder of Life/hass/STM32CubeIDE/plugins/com.st.stm32cube.ide.mcu.externaltools.gnu-tools-for-stm32.12.3.rel1.win32_1.0.100.202403111256/tools/bin/../lib/gcc/arm-none-eabi/12.3.1/thumb/v7e-m+fp/hard\libgcc.a
LOAD C:/Users/abel/Desktop/folder of Life/hass/STM32CubeIDE/plugins/com.st.stm32cube.ide.mcu.externaltools.gnu-tools-for-stm32.12.3.rel1.win32_1.0.100.202403111256/tools/bin/../lib/gcc/arm-none-eabi/12.3.1/../../../../arm-none-eabi/lib/thumb/v7e-m+fp/hard\libc_nano.a
END GROUP
START GROUP
LOAD C:/Users/abel/Desktop/folder of Life/hass/STM32CubeIDE/plugins/com.st.stm32cube.ide.mcu.externaltools.gnu-tools-for-stm32.12.3.rel1.win32_1.0.100.202403111256/tools/bin/../lib/gcc/arm-none-eabi/12.3.1/thumb/v7e-m+fp/hard\libgcc.a
LOAD C:/Users/abel/Desktop/folder of Life/hass/STM32CubeIDE/plugins/com.st.stm32cube.ide.mcu.externaltools.gnu-tools-for-stm32.12.3.rel1.win32_1.0.100.202403111256/tools/bin/../lib/gcc/arm-none-eabi/12.3.1/../../../../arm-none-eabi/lib/thumb/v7e-m+fp/hard\libc_nano.a
LOAD C:/Users/abel/Desktop/folder of Life/hass/STM32CubeIDE/plugins/com.st.stm32cube.ide.mcu.externaltools.gnu-tools-for-stm32.12.3.rel1.win32_1.0.100.202403111256/tools/bin/../lib/gcc/arm-none-eabi/12.3.1/../../../../arm-none-eabi/lib/thumb/v7e-m+fp/hard\libnosys.a
END GROUP
START GROUP
LOAD C:/Users/abel/Desktop/folder of Life/hass/STM32CubeIDE/plugins/com.st.stm32cube.ide.mcu.externaltools.gnu-tools-for-stm32.12.3.rel1.win32_1.0.100.202403111256/tools/bin/../lib/gcc/arm-none-eabi/12.3.1/thumb/v7e-m+fp/hard\libgcc.a
LOAD C:/Users/abel/Desktop/folder of Life/hass/STM32CubeIDE/plugins/com.st.stm32cube.ide.mcu.externaltools.gnu-tools-for-stm32.12.3.rel1.win32_1.0.100.202403111256/tools/bin/../lib/gcc/arm-none-eabi/12.3.1/../../../../arm-none-eabi/lib/thumb/v7e-m+fp/hard\libc_nano.a
LOAD C:/Users/abel/Desktop/folder of Life/hass/STM32CubeIDE/plugins/com.st.stm32cube.ide.mcu.externaltools.gnu-tools-for-stm32.12.3.rel1.win32_1.0.100.202403111256/tools/bin/../lib/gcc/arm-none-eabi/12.3.1/../../../../arm-none-eabi/lib/thumb/v7e-m+fp/hard\libnosys.a
END GROUP
LOAD C:/Users/abel/Desktop/folder of Life/hass/STM32CubeIDE/plugins/com.st.stm32cube.ide.mcu.externaltools.gnu-tools-for-stm32.12.3.rel1.win32_1.0.100.202403111256/tools/bin/../lib/gcc/arm-none-eabi/12.3.1/thumb/v7e-m+fp/hard/crtend.o
LOAD C:/Users/abel/Desktop/folder of Life/hass/STM32CubeIDE/plugins/com.st.stm32cube.ide.mcu.externaltools.gnu-tools-for-stm32.12.3.rel1.win32_1.0.100.202403111256/tools/bin/../lib/gcc/arm-none-eabi/12.3.1/thumb/v7e-m+fp/hard/crtn.o
                0x20030000                        _estack = (ORIGIN (RAM) + LENGTH (RAM))
                0x00000200                        _Min_Heap_Size = 0x200
                0x00000400                        _Min_Stack_Size = 0x400

.isr_vector     0x08000000      0x1ac
                0x08000000                        . = ALIGN (0x4)
 *(.isr_vector)
 .isr_vector    0x08000000      0x1ac ./Core/Startup/startup_stm32f429zitx.o
                0x08000000                g_pfnVectors
                0x080001ac                        . = ALIGN (0x4)

.text           0x080001ac     0x4eb8
                0x080001ac                        . = ALIGN (0x4)
 *(.text)
 .text          0x080001ac       0x40 C:/Users/abel/Desktop/folder of Life/hass/STM32CubeIDE/plugins/com.st.stm32cube.ide.mcu.externaltools.gnu-tools-for-stm32.12.3.rel1.win32_1.0.100.202403111256/tools/bin/../lib/gcc/arm-none-eabi/12.3.1/thumb/v7e-m+fp/hard/crtbegin.o
 .text          0x080001ec       0x30 C:/Users/abel/Desktop/folder of Life/hass/STM32CubeIDE/plugins/com.st.stm32cube.ide.mcu.externaltools.gnu-tools-for-stm32.12.3.rel1.win32_1.0.100.202403111256/tools/bin/../lib/gcc/arm-none-eabi/12.3.1/thumb/v7e-m+fp/hard\libgcc.a(_aeabi_uldivmod.o)
                0x080001ec                __aeabi_uldivmod
 .text          0x0800021c      0x2bc C:/Users/abel/Desktop/folder of Life/hass/STM32CubeIDE/plugins/com.st.stm32cube.ide.mcu.externaltools.gnu-tools-for-stm32.12.3.rel1.win32_1.0.100.202403111256/tools/bin/../lib/gcc/arm-none-eabi/12.3.1/thumb/v7e-m+fp/hard\libgcc.a(_udivmoddi4.o)
                0x0800021c                __udivmoddi4
 .text          0x080004d8        0x4 C:/Users/abel/Desktop/folder of Life/hass/STM32CubeIDE/plugins/com.st.stm32cube.ide.mcu.externaltools.gnu-tools-for-stm32.12.3.rel1.win32_1.0.100.202403111256/tools/bin/../lib/gcc/arm-none-eabi/12.3.1/thumb/v7e-m+fp/hard\libgcc.a(_dvmd_tls.o)
                0x080004d8                __aeabi_idiv0
                0x080004d8                __aeabi_ldiv0
 *(.text*)
 .text.ds3231_init
                0x080004dc       0x4c ./Core/Src/ds3231.o
                0x080004dc                ds3231_init
 .text.ds3231_run_command
                0x08000528       0x84 ./Core/Src/ds3231.o
                0x08000528                ds3231_run_command
 .text.ds3231_init_status_report
                0x080005ac       0x2c ./Core/Src/ds3231.o
                0x080005ac                ds3231_init_status_report
 .text.ds3231_init_status_update
                0x080005d8       0x3c ./Core/Src/ds3231.o
                0x080005d8                ds3231_init_status_update
 .text.ds3231_reset
                0x08000614      0x304 ./Core/Src/ds3231.o
                0x08000614                ds3231_reset
 .text.ds3231_read
                0x08000918      0x1a8 ./Core/Src/ds3231.o
                0x08000918                ds3231_read
 .text.ds3231_set
                0x08000ac0      0x220 ./Core/Src/ds3231.o
                0x08000ac0                ds3231_set
 .text.ds3231_data_clone
                0x08000ce0       0xa0 ./Core/Src/ds3231.o
 .text.BCD_to_HEX
                0x08000d80       0x7e ./Core/Src/ds3231.o
 .text.HEX_to_BCD
                0x08000dfe       0x88 ./Core/Src/ds3231.o
 *fill*         0x08000e86        0x2 
 .text.time_i2c_write_single
                0x08000e88       0x48 ./Core/Src/ds3231_low_level.o
                0x08000e88                time_i2c_write_single
 .text.time_i2c_write_multi
                0x08000ed0       0x6c ./Core/Src/ds3231_low_level.o
                0x08000ed0                time_i2c_write_multi
 .text.time_i2c_read_single
                0x08000f3c       0x48 ./Core/Src/ds3231_low_level.o
                0x08000f3c                time_i2c_read_single
 .text.time_i2c_read_multi
                0x08000f84       0x6c ./Core/Src/ds3231_low_level.o
                0x08000f84                time_i2c_read_multi
 .text.ds3231_I2C_init
                0x08000ff0        0xe ./Core/Src/ds3231_low_level.o
                0x08000ff0                ds3231_I2C_init
 *fill*         0x08000ffe        0x2 
 .text.MX_GPIO_Init
                0x08001000      0x1a8 ./Core/Src/gpio.o
                0x08001000                MX_GPIO_Init
 .text.MX_I2C1_Init
                0x080011a8       0x80 ./Core/Src/i2c.o
                0x080011a8                MX_I2C1_Init
 .text.HAL_I2C_MspInit
                0x08001228       0x90 ./Core/Src/i2c.o
                0x08001228                HAL_I2C_MspInit
 .text.main     0x080012b8       0x90 ./Core/Src/main.o
                0x080012b8                main
 .text.SystemClock_Config
                0x08001348       0xc0 ./Core/Src/main.o
                0x08001348                SystemClock_Config
 .text.keypad_read
                0x08001408      0x128 ./Core/Src/main.o
                0x08001408                keypad_read
 .text.toggleLED
                0x08001530       0x20 ./Core/Src/main.o
                0x08001530                toggleLED
 .text.HAL_UART_RxCpltCallback
                0x08001550      0x164 ./Core/Src/main.o
                0x08001550                HAL_UART_RxCpltCallback
 .text.Error_Handler
                0x080016b4        0xc ./Core/Src/main.o
                0x080016b4                Error_Handler
 .text.MX_SPI1_Init
                0x080016c0       0x6c ./Core/Src/spi.o
                0x080016c0                MX_SPI1_Init
 .text.HAL_SPI_MspInit
                0x0800172c       0xa0 ./Core/Src/spi.o
                0x0800172c                HAL_SPI_MspInit
 .text.HAL_MspInit
                0x080017cc       0x50 ./Core/Src/stm32f4xx_hal_msp.o
                0x080017cc                HAL_MspInit
 .text.NMI_Handler
                0x0800181c        0x8 ./Core/Src/stm32f4xx_it.o
                0x0800181c                NMI_Handler
 .text.HardFault_Handler
                0x08001824        0x8 ./Core/Src/stm32f4xx_it.o
                0x08001824                HardFault_Handler
 .text.MemManage_Handler
                0x0800182c        0x8 ./Core/Src/stm32f4xx_it.o
                0x0800182c                MemManage_Handler
 .text.BusFault_Handler
                0x08001834        0x8 ./Core/Src/stm32f4xx_it.o
                0x08001834                BusFault_Handler
 .text.UsageFault_Handler
                0x0800183c        0x8 ./Core/Src/stm32f4xx_it.o
                0x0800183c                UsageFault_Handler
 .text.SVC_Handler
                0x08001844        0xe ./Core/Src/stm32f4xx_it.o
                0x08001844                SVC_Handler
 .text.DebugMon_Handler
                0x08001852        0xe ./Core/Src/stm32f4xx_it.o
                0x08001852                DebugMon_Handler
 .text.PendSV_Handler
                0x08001860        0xe ./Core/Src/stm32f4xx_it.o
                0x08001860                PendSV_Handler
 .text.SysTick_Handler
                0x0800186e        0xc ./Core/Src/stm32f4xx_it.o
                0x0800186e                SysTick_Handler
 *fill*         0x0800187a        0x2 
 .text.SPI1_IRQHandler
                0x0800187c       0x14 ./Core/Src/stm32f4xx_it.o
                0x0800187c                SPI1_IRQHandler
 .text.USART1_IRQHandler
                0x08001890       0x14 ./Core/Src/stm32f4xx_it.o
                0x08001890                USART1_IRQHandler
 .text.SystemInit
                0x080018a4       0x24 ./Core/Src/system_stm32f4xx.o
                0x080018a4                SystemInit
 .text.MX_USART1_UART_Init
                0x080018c8       0x54 ./Core/Src/usart.o
                0x080018c8                MX_USART1_UART_Init
 .text.HAL_UART_MspInit
                0x0800191c       0xa0 ./Core/Src/usart.o
                0x0800191c                HAL_UART_MspInit
 .text.Reset_Handler
                0x080019bc       0x50 ./Core/Startup/startup_stm32f429zitx.o
                0x080019bc                Reset_Handler
 .text.Default_Handler
                0x08001a0c        0x2 ./Core/Startup/startup_stm32f429zitx.o
                0x08001a0c                RTC_Alarm_IRQHandler
                0x08001a0c                HASH_RNG_IRQHandler
                0x08001a0c                EXTI2_IRQHandler
                0x08001a0c                TIM8_CC_IRQHandler
                0x08001a0c                UART8_IRQHandler
                0x08001a0c                SPI4_IRQHandler
                0x08001a0c                TIM1_CC_IRQHandler
                0x08001a0c                DMA2_Stream5_IRQHandler
                0x08001a0c                DMA1_Stream5_IRQHandler
                0x08001a0c                PVD_IRQHandler
                0x08001a0c                SDIO_IRQHandler
                0x08001a0c                TAMP_STAMP_IRQHandler
                0x08001a0c                CAN2_RX1_IRQHandler
                0x08001a0c                EXTI3_IRQHandler
                0x08001a0c                TIM8_TRG_COM_TIM14_IRQHandler
                0x08001a0c                TIM1_UP_TIM10_IRQHandler
                0x08001a0c                TIM8_UP_TIM13_IRQHandler
                0x08001a0c                I2C3_ER_IRQHandler
                0x08001a0c                EXTI0_IRQHandler
                0x08001a0c                I2C2_EV_IRQHandler
                0x08001a0c                DMA1_Stream2_IRQHandler
                0x08001a0c                CAN1_RX0_IRQHandler
                0x08001a0c                FPU_IRQHandler
                0x08001a0c                OTG_HS_WKUP_IRQHandler
                0x08001a0c                LTDC_ER_IRQHandler
                0x08001a0c                CAN2_SCE_IRQHandler
                0x08001a0c                DMA2_Stream2_IRQHandler
                0x08001a0c                TIM6_DAC_IRQHandler
                0x08001a0c                TIM1_BRK_TIM9_IRQHandler
                0x08001a0c                DCMI_IRQHandler
                0x08001a0c                CAN2_RX0_IRQHandler
                0x08001a0c                DMA2_Stream3_IRQHandler
                0x08001a0c                USART6_IRQHandler
                0x08001a0c                USART3_IRQHandler
                0x08001a0c                CAN1_RX1_IRQHandler
                0x08001a0c                UART5_IRQHandler
                0x08001a0c                DMA2_Stream0_IRQHandler
                0x08001a0c                TIM4_IRQHandler
                0x08001a0c                I2C1_EV_IRQHandler
                0x08001a0c                DMA1_Stream6_IRQHandler
                0x08001a0c                DMA1_Stream1_IRQHandler
                0x08001a0c                UART4_IRQHandler
                0x08001a0c                TIM3_IRQHandler
                0x08001a0c                RCC_IRQHandler
                0x08001a0c                TIM8_BRK_TIM12_IRQHandler
                0x08001a0c                Default_Handler
                0x08001a0c                EXTI15_10_IRQHandler
                0x08001a0c                ADC_IRQHandler
                0x08001a0c                DMA1_Stream7_IRQHandler
                0x08001a0c                SPI5_IRQHandler
                0x08001a0c                TIM7_IRQHandler
                0x08001a0c                CAN2_TX_IRQHandler
                0x08001a0c                TIM5_IRQHandler
                0x08001a0c                DMA2_Stream7_IRQHandler
                0x08001a0c                I2C3_EV_IRQHandler
                0x08001a0c                EXTI9_5_IRQHandler
                0x08001a0c                RTC_WKUP_IRQHandler
                0x08001a0c                LTDC_IRQHandler
                0x08001a0c                ETH_WKUP_IRQHandler
                0x08001a0c                SPI2_IRQHandler
                0x08001a0c                OTG_HS_EP1_IN_IRQHandler
                0x08001a0c                DMA1_Stream0_IRQHandler
                0x08001a0c                CAN1_TX_IRQHandler
                0x08001a0c                EXTI4_IRQHandler
                0x08001a0c                ETH_IRQHandler
                0x08001a0c                OTG_HS_EP1_OUT_IRQHandler
                0x08001a0c                WWDG_IRQHandler
                0x08001a0c                SPI6_IRQHandler
                0x08001a0c                TIM2_IRQHandler
                0x08001a0c                OTG_FS_WKUP_IRQHandler
                0x08001a0c                TIM1_TRG_COM_TIM11_IRQHandler
                0x08001a0c                OTG_HS_IRQHandler
                0x08001a0c                DMA2D_IRQHandler
                0x08001a0c                EXTI1_IRQHandler
                0x08001a0c                UART7_IRQHandler
                0x08001a0c                USART2_IRQHandler
                0x08001a0c                I2C2_ER_IRQHandler
                0x08001a0c                DMA2_Stream1_IRQHandler
                0x08001a0c                CAN1_SCE_IRQHandler
                0x08001a0c                FLASH_IRQHandler
                0x08001a0c                DMA2_Stream4_IRQHandler
                0x08001a0c                OTG_FS_IRQHandler
                0x08001a0c                SPI3_IRQHandler
                0x08001a0c                DMA1_Stream4_IRQHandler
                0x08001a0c                I2C1_ER_IRQHandler
                0x08001a0c                FMC_IRQHandler
                0x08001a0c                DMA2_Stream6_IRQHandler
                0x08001a0c                SAI1_IRQHandler
                0x08001a0c                DMA1_Stream3_IRQHandler
 *fill*         0x08001a0e        0x2 
 .text.HAL_Init
                0x08001a10       0x44 ./Drivers/STM32F4xx_HAL_Driver/Src/stm32f4xx_hal.o
                0x08001a10                HAL_Init
 .text.HAL_InitTick
                0x08001a54       0x60 ./Drivers/STM32F4xx_HAL_Driver/Src/stm32f4xx_hal.o
                0x08001a54                HAL_InitTick
 .text.HAL_IncTick
                0x08001ab4       0x28 ./Drivers/STM32F4xx_HAL_Driver/Src/stm32f4xx_hal.o
                0x08001ab4                HAL_IncTick
 .text.HAL_GetTick
                0x08001adc       0x18 ./Drivers/STM32F4xx_HAL_Driver/Src/stm32f4xx_hal.o
                0x08001adc                HAL_GetTick
 .text.HAL_Delay
                0x08001af4       0x48 ./Drivers/STM32F4xx_HAL_Driver/Src/stm32f4xx_hal.o
                0x08001af4                HAL_Delay
 .text.__NVIC_SetPriorityGrouping
                0x08001b3c       0x48 ./Drivers/STM32F4xx_HAL_Driver/Src/stm32f4xx_hal_cortex.o
 .text.__NVIC_GetPriorityGrouping
                0x08001b84       0x1c ./Drivers/STM32F4xx_HAL_Driver/Src/stm32f4xx_hal_cortex.o
 .text.__NVIC_EnableIRQ
                0x08001ba0       0x3c ./Drivers/STM32F4xx_HAL_Driver/Src/stm32f4xx_hal_cortex.o
 .text.__NVIC_SetPriority
                0x08001bdc       0x54 ./Drivers/STM32F4xx_HAL_Driver/Src/stm32f4xx_hal_cortex.o
 .text.NVIC_EncodePriority
                0x08001c30       0x66 ./Drivers/STM32F4xx_HAL_Driver/Src/stm32f4xx_hal_cortex.o
 *fill*         0x08001c96        0x2 
 .text.SysTick_Config
                0x08001c98       0x44 ./Drivers/STM32F4xx_HAL_Driver/Src/stm32f4xx_hal_cortex.o
 .text.HAL_NVIC_SetPriorityGrouping
                0x08001cdc       0x16 ./Drivers/STM32F4xx_HAL_Driver/Src/stm32f4xx_hal_cortex.o
                0x08001cdc                HAL_NVIC_SetPriorityGrouping
 .text.HAL_NVIC_SetPriority
                0x08001cf2       0x38 ./Drivers/STM32F4xx_HAL_Driver/Src/stm32f4xx_hal_cortex.o
                0x08001cf2                HAL_NVIC_SetPriority
 .text.HAL_NVIC_EnableIRQ
                0x08001d2a       0x1c ./Drivers/STM32F4xx_HAL_Driver/Src/stm32f4xx_hal_cortex.o
                0x08001d2a                HAL_NVIC_EnableIRQ
 .text.HAL_SYSTICK_Config
                0x08001d46       0x18 ./Drivers/STM32F4xx_HAL_Driver/Src/stm32f4xx_hal_cortex.o
                0x08001d46                HAL_SYSTICK_Config
 .text.HAL_DMA_Abort
                0x08001d5e       0xe0 ./Drivers/STM32F4xx_HAL_Driver/Src/stm32f4xx_hal_dma.o
                0x08001d5e                HAL_DMA_Abort
 .text.HAL_DMA_Abort_IT
                0x08001e3e       0x44 ./Drivers/STM32F4xx_HAL_Driver/Src/stm32f4xx_hal_dma.o
                0x08001e3e                HAL_DMA_Abort_IT
 *fill*         0x08001e82        0x2 
 .text.HAL_GPIO_Init
                0x08001e84      0x358 ./Drivers/STM32F4xx_HAL_Driver/Src/stm32f4xx_hal_gpio.o
                0x08001e84                HAL_GPIO_Init
 .text.HAL_GPIO_ReadPin
                0x080021dc       0x30 ./Drivers/STM32F4xx_HAL_Driver/Src/stm32f4xx_hal_gpio.o
                0x080021dc                HAL_GPIO_ReadPin
 .text.HAL_GPIO_WritePin
                0x0800220c       0x32 ./Drivers/STM32F4xx_HAL_Driver/Src/stm32f4xx_hal_gpio.o
                0x0800220c                HAL_GPIO_WritePin
 .text.HAL_GPIO_TogglePin
                0x0800223e       0x34 ./Drivers/STM32F4xx_HAL_Driver/Src/stm32f4xx_hal_gpio.o
                0x0800223e                HAL_GPIO_TogglePin
 *fill*         0x08002272        0x2 
 .text.HAL_I2C_Init
                0x08002274      0x288 ./Drivers/STM32F4xx_HAL_Driver/Src/stm32f4xx_hal_i2c.o
                0x08002274                HAL_I2C_Init
 .text.HAL_I2C_Master_Transmit
                0x080024fc      0x1fc ./Drivers/STM32F4xx_HAL_Driver/Src/stm32f4xx_hal_i2c.o
                0x080024fc                HAL_I2C_Master_Transmit
 .text.HAL_I2C_Master_Receive
                0x080026f8      0x464 ./Drivers/STM32F4xx_HAL_Driver/Src/stm32f4xx_hal_i2c.o
                0x080026f8                HAL_I2C_Master_Receive
 .text.I2C_MasterRequestWrite
                0x08002b5c      0x104 ./Drivers/STM32F4xx_HAL_Driver/Src/stm32f4xx_hal_i2c.o
 .text.I2C_MasterRequestRead
                0x08002c60      0x19c ./Drivers/STM32F4xx_HAL_Driver/Src/stm32f4xx_hal_i2c.o
 .text.I2C_WaitOnFlagUntilTimeout
                0x08002dfc       0xf4 ./Drivers/STM32F4xx_HAL_Driver/Src/stm32f4xx_hal_i2c.o
 .text.I2C_WaitOnMasterAddressFlagUntilTimeout
                0x08002ef0      0x140 ./Drivers/STM32F4xx_HAL_Driver/Src/stm32f4xx_hal_i2c.o
 .text.I2C_WaitOnTXEFlagUntilTimeout
                0x08003030       0x90 ./Drivers/STM32F4xx_HAL_Driver/Src/stm32f4xx_hal_i2c.o
 .text.I2C_WaitOnBTFFlagUntilTimeout
                0x080030c0       0x90 ./Drivers/STM32F4xx_HAL_Driver/Src/stm32f4xx_hal_i2c.o
 .text.I2C_WaitOnRXNEFlagUntilTimeout
                0x08003150       0xba ./Drivers/STM32F4xx_HAL_Driver/Src/stm32f4xx_hal_i2c.o
 .text.I2C_IsAcknowledgeFailed
                0x0800320a       0x5e ./Drivers/STM32F4xx_HAL_Driver/Src/stm32f4xx_hal_i2c.o
 .text.HAL_I2CEx_ConfigAnalogFilter
                0x08003268       0x78 ./Drivers/STM32F4xx_HAL_Driver/Src/stm32f4xx_hal_i2c_ex.o
                0x08003268                HAL_I2CEx_ConfigAnalogFilter
 .text.HAL_I2CEx_ConfigDigitalFilter
                0x080032e0       0x7e ./Drivers/STM32F4xx_HAL_Driver/Src/stm32f4xx_hal_i2c_ex.o
                0x080032e0                HAL_I2CEx_ConfigDigitalFilter
 *fill*         0x0800335e        0x2 
 .text.HAL_RCC_OscConfig
                0x08003360      0x4f0 ./Drivers/STM32F4xx_HAL_Driver/Src/stm32f4xx_hal_rcc.o
                0x08003360                HAL_RCC_OscConfig
 .text.HAL_RCC_ClockConfig
                0x08003850      0x1cc ./Drivers/STM32F4xx_HAL_Driver/Src/stm32f4xx_hal_rcc.o
                0x08003850                HAL_RCC_ClockConfig
 .text.HAL_RCC_GetSysClockFreq
                0x08003a1c      0x18c ./Drivers/STM32F4xx_HAL_Driver/Src/stm32f4xx_hal_rcc.o
                0x08003a1c                HAL_RCC_GetSysClockFreq
 .text.HAL_RCC_GetHCLKFreq
                0x08003ba8       0x18 ./Drivers/STM32F4xx_HAL_Driver/Src/stm32f4xx_hal_rcc.o
                0x08003ba8                HAL_RCC_GetHCLKFreq
 .text.HAL_RCC_GetPCLK1Freq
                0x08003bc0       0x28 ./Drivers/STM32F4xx_HAL_Driver/Src/stm32f4xx_hal_rcc.o
                0x08003bc0                HAL_RCC_GetPCLK1Freq
 .text.HAL_RCC_GetPCLK2Freq
                0x08003be8       0x28 ./Drivers/STM32F4xx_HAL_Driver/Src/stm32f4xx_hal_rcc.o
                0x08003be8                HAL_RCC_GetPCLK2Freq
 .text.HAL_SPI_Init
                0x08003c10      0x112 ./Drivers/STM32F4xx_HAL_Driver/Src/stm32f4xx_hal_spi.o
                0x08003c10                HAL_SPI_Init
 *fill*         0x08003d22        0x2 
 .text.HAL_SPI_IRQHandler
                0x08003d24      0x1e8 ./Drivers/STM32F4xx_HAL_Driver/Src/stm32f4xx_hal_spi.o
                0x08003d24                HAL_SPI_IRQHandler
 .text.HAL_SPI_ErrorCallback
                0x08003f0c       0x14 ./Drivers/STM32F4xx_HAL_Driver/Src/stm32f4xx_hal_spi.o
                0x08003f0c                HAL_SPI_ErrorCallback
 .text.SPI_DMAAbortOnError
                0x08003f20       0x28 ./Drivers/STM32F4xx_HAL_Driver/Src/stm32f4xx_hal_spi.o
 .text.HAL_UART_Init
                0x08003f48       0xa0 ./Drivers/STM32F4xx_HAL_Driver/Src/stm32f4xx_hal_uart.o
                0x08003f48                HAL_UART_Init
 .text.HAL_UART_Transmit
                0x08003fe8      0x116 ./Drivers/STM32F4xx_HAL_Driver/Src/stm32f4xx_hal_uart.o
                0x08003fe8                HAL_UART_Transmit
 .text.HAL_UART_Receive_IT
                0x080040fe       0x4a ./Drivers/STM32F4xx_HAL_Driver/Src/stm32f4xx_hal_uart.o
                0x080040fe                HAL_UART_Receive_IT
 .text.HAL_UART_IRQHandler
                0x08004148      0x524 ./Drivers/STM32F4xx_HAL_Driver/Src/stm32f4xx_hal_uart.o
                0x08004148                HAL_UART_IRQHandler
 .text.HAL_UART_TxCpltCallback
                0x0800466c       0x14 ./Drivers/STM32F4xx_HAL_Driver/Src/stm32f4xx_hal_uart.o
                0x0800466c                HAL_UART_TxCpltCallback
 .text.HAL_UART_ErrorCallback
                0x08004680       0x14 ./Drivers/STM32F4xx_HAL_Driver/Src/stm32f4xx_hal_uart.o
                0x08004680                HAL_UART_ErrorCallback
 .text.HAL_UARTEx_RxEventCallback
                0x08004694       0x18 ./Drivers/STM32F4xx_HAL_Driver/Src/stm32f4xx_hal_uart.o
                0x08004694                HAL_UARTEx_RxEventCallback
 .text.UART_WaitOnFlagUntilTimeout
                0x080046ac       0xb2 ./Drivers/STM32F4xx_HAL_Driver/Src/stm32f4xx_hal_uart.o
 .text.UART_Start_Receive_IT
                0x0800475e       0x74 ./Drivers/STM32F4xx_HAL_Driver/Src/stm32f4xx_hal_uart.o
                0x0800475e                UART_Start_Receive_IT
 .text.UART_EndRxTransfer
                0x080047d2       0xc6 ./Drivers/STM32F4xx_HAL_Driver/Src/stm32f4xx_hal_uart.o
 .text.UART_DMAAbortOnError
                0x08004898       0x28 ./Drivers/STM32F4xx_HAL_Driver/Src/stm32f4xx_hal_uart.o
 .text.UART_Transmit_IT
                0x080048c0       0xa0 ./Drivers/STM32F4xx_HAL_Driver/Src/stm32f4xx_hal_uart.o
 .text.UART_EndTransmit_IT
                0x08004960       0x30 ./Drivers/STM32F4xx_HAL_Driver/Src/stm32f4xx_hal_uart.o
 .text.UART_Receive_IT
                0x08004990      0x17c ./Drivers/STM32F4xx_HAL_Driver/Src/stm32f4xx_hal_uart.o
 .text.UART_SetConfig
                0x08004b0c      0x4e8 ./Drivers/STM32F4xx_HAL_Driver/Src/stm32f4xx_hal_uart.o
 .text.memset   0x08004ff4       0x10 C:/Users/abel/Desktop/folder of Life/hass/STM32CubeIDE/plugins/com.st.stm32cube.ide.mcu.externaltools.gnu-tools-for-stm32.12.3.rel1.win32_1.0.100.202403111256/tools/bin/../lib/gcc/arm-none-eabi/12.3.1/../../../../arm-none-eabi/lib/thumb/v7e-m+fp/hard\libc_nano.a(libc_a-memset.o)
                0x08004ff4                memset
 .text.__libc_init_array
                0x08005004       0x48 C:/Users/abel/Desktop/folder of Life/hass/STM32CubeIDE/plugins/com.st.stm32cube.ide.mcu.externaltools.gnu-tools-for-stm32.12.3.rel1.win32_1.0.100.202403111256/tools/bin/../lib/gcc/arm-none-eabi/12.3.1/../../../../arm-none-eabi/lib/thumb/v7e-m+fp/hard\libc_nano.a(libc_a-init.o)
                0x08005004                __libc_init_array
 *(.glue_7)
 .glue_7        0x0800504c        0x0 linker stubs
 *(.glue_7t)
 .glue_7t       0x0800504c        0x0 linker stubs
 *(.eh_frame)
 .eh_frame      0x0800504c        0x0 C:/Users/abel/Desktop/folder of Life/hass/STM32CubeIDE/plugins/com.st.stm32cube.ide.mcu.externaltools.gnu-tools-for-stm32.12.3.rel1.win32_1.0.100.202403111256/tools/bin/../lib/gcc/arm-none-eabi/12.3.1/thumb/v7e-m+fp/hard/crtbegin.o
 *(.init)
 .init          0x0800504c        0x4 C:/Users/abel/Desktop/folder of Life/hass/STM32CubeIDE/plugins/com.st.stm32cube.ide.mcu.externaltools.gnu-tools-for-stm32.12.3.rel1.win32_1.0.100.202403111256/tools/bin/../lib/gcc/arm-none-eabi/12.3.1/thumb/v7e-m+fp/hard/crti.o
                0x0800504c                _init
 .init          0x08005050        0x8 C:/Users/abel/Desktop/folder of Life/hass/STM32CubeIDE/plugins/com.st.stm32cube.ide.mcu.externaltools.gnu-tools-for-stm32.12.3.rel1.win32_1.0.100.202403111256/tools/bin/../lib/gcc/arm-none-eabi/12.3.1/thumb/v7e-m+fp/hard/crtn.o
 *(.fini)
 .fini          0x08005058        0x4 C:/Users/abel/Desktop/folder of Life/hass/STM32CubeIDE/plugins/com.st.stm32cube.ide.mcu.externaltools.gnu-tools-for-stm32.12.3.rel1.win32_1.0.100.202403111256/tools/bin/../lib/gcc/arm-none-eabi/12.3.1/thumb/v7e-m+fp/hard/crti.o
                0x08005058                _fini
 .fini          0x0800505c        0x8 C:/Users/abel/Desktop/folder of Life/hass/STM32CubeIDE/plugins/com.st.stm32cube.ide.mcu.externaltools.gnu-tools-for-stm32.12.3.rel1.win32_1.0.100.202403111256/tools/bin/../lib/gcc/arm-none-eabi/12.3.1/thumb/v7e-m+fp/hard/crtn.o
                0x08005064                        . = ALIGN (0x4)
                0x08005064                        _etext = .

.vfp11_veneer   0x08005064        0x0
 .vfp11_veneer  0x08005064        0x0 linker stubs

.v4_bx          0x08005064        0x0
 .v4_bx         0x08005064        0x0 linker stubs

.iplt           0x08005064        0x0
 .iplt          0x08005064        0x0 C:/Users/abel/Desktop/folder of Life/hass/STM32CubeIDE/plugins/com.st.stm32cube.ide.mcu.externaltools.gnu-tools-for-stm32.12.3.rel1.win32_1.0.100.202403111256/tools/bin/../lib/gcc/arm-none-eabi/12.3.1/thumb/v7e-m+fp/hard/crtbegin.o

.rodata         0x08005064       0xcc
                0x08005064                        . = ALIGN (0x4)
 *(.rodata)
 .rodata        0x08005064       0xb4 ./Core/Src/main.o
 *(.rodata*)
 .rodata.AHBPrescTable
                0x08005118       0x10 ./Core/Src/system_stm32f4xx.o
                0x08005118                AHBPrescTable
 .rodata.APBPrescTable
                0x08005128        0x8 ./Core/Src/system_stm32f4xx.o
                0x08005128                APBPrescTable
                0x08005130                        . = ALIGN (0x4)

.ARM.extab      0x08005130        0x0
                0x08005130                        . = ALIGN (0x4)
 *(.ARM.extab* .gnu.linkonce.armextab.*)
                0x08005130                        . = ALIGN (0x4)

.ARM            0x08005130        0x8
                0x08005130                        . = ALIGN (0x4)
                0x08005130                        __exidx_start = .
 *(.ARM.exidx*)
 .ARM.exidx     0x08005130        0x8 C:/Users/abel/Desktop/folder of Life/hass/STM32CubeIDE/plugins/com.st.stm32cube.ide.mcu.externaltools.gnu-tools-for-stm32.12.3.rel1.win32_1.0.100.202403111256/tools/bin/../lib/gcc/arm-none-eabi/12.3.1/thumb/v7e-m+fp/hard\libgcc.a(_udivmoddi4.o)
                0x08005138                        __exidx_end = .
                0x08005138                        . = ALIGN (0x4)

.preinit_array  0x08005138        0x0
                0x08005138                        . = ALIGN (0x4)
                0x08005138                        PROVIDE (__preinit_array_start = .)
 *(.preinit_array*)
                0x08005138                        PROVIDE (__preinit_array_end = .)
                0x08005138                        . = ALIGN (0x4)

.init_array     0x08005138        0x4
                0x08005138                        . = ALIGN (0x4)
                0x08005138                        PROVIDE (__init_array_start = .)
 *(SORT_BY_NAME(.init_array.*))
 *(.init_array*)
 .init_array    0x08005138        0x4 C:/Users/abel/Desktop/folder of Life/hass/STM32CubeIDE/plugins/com.st.stm32cube.ide.mcu.externaltools.gnu-tools-for-stm32.12.3.rel1.win32_1.0.100.202403111256/tools/bin/../lib/gcc/arm-none-eabi/12.3.1/thumb/v7e-m+fp/hard/crtbegin.o
                0x0800513c                        PROVIDE (__init_array_end = .)
                0x0800513c                        . = ALIGN (0x4)

.fini_array     0x0800513c        0x4
                0x0800513c                        . = ALIGN (0x4)
                [!provide]                        PROVIDE (__fini_array_start = .)
 *(SORT_BY_NAME(.fini_array.*))
 *(.fini_array*)
 .fini_array    0x0800513c        0x4 C:/Users/abel/Desktop/folder of Life/hass/STM32CubeIDE/plugins/com.st.stm32cube.ide.mcu.externaltools.gnu-tools-for-stm32.12.3.rel1.win32_1.0.100.202403111256/tools/bin/../lib/gcc/arm-none-eabi/12.3.1/thumb/v7e-m+fp/hard/crtbegin.o
                [!provide]                        PROVIDE (__fini_array_end = .)
                0x08005140                        . = ALIGN (0x4)
                0x08005140                        _sidata = LOADADDR (.data)

.rel.dyn        0x08005140        0x0
 .rel.iplt      0x08005140        0x0 C:/Users/abel/Desktop/folder of Life/hass/STM32CubeIDE/plugins/com.st.stm32cube.ide.mcu.externaltools.gnu-tools-for-stm32.12.3.rel1.win32_1.0.100.202403111256/tools/bin/../lib/gcc/arm-none-eabi/12.3.1/thumb/v7e-m+fp/hard/crtbegin.o

.data           0x20000000       0x94 load address 0x08005140
                0x20000000                        . = ALIGN (0x4)
                0x20000000                        _sdata = .
 *(.data)
 *(.data*)
 .data.register_default_value
                0x20000000       0x11 ./Core/Src/ds3231.o
 *fill*         0x20000011        0x3 
 .data.tx_data  0x20000014       0x64 ./Core/Src/main.o
                0x20000014                tx_data
 .data.last_pin
                0x20000078        0x1 ./Core/Src/main.o
                0x20000078                last_pin
 *fill*         0x20000079        0x3 
 .data.code     0x2000007c        0x4 ./Core/Src/main.o
                0x2000007c                code
 .data.time_set
                0x20000080        0x7 ./Core/Src/main.o
                0x20000080                time_set
 *fill*         0x20000087        0x1 
 .data.SystemCoreClock
                0x20000088        0x4 ./Core/Src/system_stm32f4xx.o
                0x20000088                SystemCoreClock
 .data.uwTickPrio
                0x2000008c        0x4 ./Drivers/STM32F4xx_HAL_Driver/Src/stm32f4xx_hal.o
                0x2000008c                uwTickPrio
 .data.uwTickFreq
                0x20000090        0x1 ./Drivers/STM32F4xx_HAL_Driver/Src/stm32f4xx_hal.o
                0x20000090                uwTickFreq
 *(.RamFunc)
 *(.RamFunc*)
                0x20000094                        . = ALIGN (0x4)
 *fill*         0x20000091        0x3 
                0x20000094                        _edata = .
                0x080051d4                        _siccmram = LOADADDR (.ccmram)

.igot.plt       0x20000094        0x0 load address 0x080051d4
 .igot.plt      0x20000094        0x0 C:/Users/abel/Desktop/folder of Life/hass/STM32CubeIDE/plugins/com.st.stm32cube.ide.mcu.externaltools.gnu-tools-for-stm32.12.3.rel1.win32_1.0.100.202403111256/tools/bin/../lib/gcc/arm-none-eabi/12.3.1/thumb/v7e-m+fp/hard/crtbegin.o

.ccmram         0x10000000        0x0 load address 0x080051d4
                0x10000000                        . = ALIGN (0x4)
                0x10000000                        _sccmram = .
 *(.ccmram)
 *(.ccmram*)
                0x10000000                        . = ALIGN (0x4)
                0x10000000                        _eccmram = .
                0x10000000                        . = ALIGN (0x4)

.bss            0x20000094      0x138
                0x20000094                        _sbss = .
                0x20000094                        __bss_start__ = _sbss
 *(.bss)
 .bss           0x20000094       0x1c C:/Users/abel/Desktop/folder of Life/hass/STM32CubeIDE/plugins/com.st.stm32cube.ide.mcu.externaltools.gnu-tools-for-stm32.12.3.rel1.win32_1.0.100.202403111256/tools/bin/../lib/gcc/arm-none-eabi/12.3.1/thumb/v7e-m+fp/hard/crtbegin.o
 *(.bss*)
 .bss.register_current_value
                0x200000b0        0x1 ./Core/Src/ds3231.o
 .bss.register_new_value
                0x200000b1        0x1 ./Core/Src/ds3231.o
 *fill*         0x200000b2        0x2 
 .bss.time_registers_clone
                0x200000b4        0x7 ./Core/Src/ds3231.o
 *fill*         0x200000bb        0x1 
 .bss.alarm1_registers_clone
                0x200000bc        0x4 ./Core/Src/ds3231.o
 .bss.alarm2_registers_clone
                0x200000c0        0x3 ./Core/Src/ds3231.o
 *fill*         0x200000c3        0x1 
 .bss.hi2c1     0x200000c4       0x54 ./Core/Src/i2c.o
                0x200000c4                hi2c1
 .bss.rx_data   0x20000118        0x4 ./Core/Src/main.o
                0x20000118                rx_data
 .bss.en_keypad
                0x2000011c        0x1 ./Core/Src/main.o
                0x2000011c                en_keypad
 *fill*         0x2000011d        0x3 
 .bss.time_current
                0x20000120        0x7 ./Core/Src/main.o
                0x20000120                time_current
 *fill*         0x20000127        0x1 
 .bss.hspi1     0x20000128       0x58 ./Core/Src/spi.o
                0x20000128                hspi1
 .bss.huart1    0x20000180       0x48 ./Core/Src/usart.o
                0x20000180                huart1
 .bss.uwTick    0x200001c8        0x4 ./Drivers/STM32F4xx_HAL_Driver/Src/stm32f4xx_hal.o
                0x200001c8                uwTick
 *(COMMON)
                0x200001cc                        . = ALIGN (0x4)
                0x200001cc                        _ebss = .
                0x200001cc                        __bss_end__ = _ebss

._user_heap_stack
                0x200001cc      0x604
                0x200001d0                        . = ALIGN (0x8)
 *fill*         0x200001cc        0x4 
                [!provide]                        PROVIDE (end = .)
                0x200001d0                        PROVIDE (_end = .)
                0x200003d0                        . = (. + _Min_Heap_Size)
 *fill*         0x200001d0      0x200 
                0x200007d0                        . = (. + _Min_Stack_Size)
 *fill*         0x200003d0      0x400 
                0x200007d0                        . = ALIGN (0x8)

/DISCARD/
 libc.a(*)
 libm.a(*)
 libgcc.a(*)

.ARM.attributes
                0x00000000       0x30
 *(.ARM.attributes)
 .ARM.attributes
                0x00000000       0x22 C:/Users/abel/Desktop/folder of Life/hass/STM32CubeIDE/plugins/com.st.stm32cube.ide.mcu.externaltools.gnu-tools-for-stm32.12.3.rel1.win32_1.0.100.202403111256/tools/bin/../lib/gcc/arm-none-eabi/12.3.1/thumb/v7e-m+fp/hard/crti.o
 .ARM.attributes
                0x00000022       0x34 C:/Users/abel/Desktop/folder of Life/hass/STM32CubeIDE/plugins/com.st.stm32cube.ide.mcu.externaltools.gnu-tools-for-stm32.12.3.rel1.win32_1.0.100.202403111256/tools/bin/../lib/gcc/arm-none-eabi/12.3.1/thumb/v7e-m+fp/hard/crtbegin.o
 .ARM.attributes
                0x00000056       0x34 ./Core/Src/ds3231.o
 .ARM.attributes
                0x0000008a       0x34 ./Core/Src/ds3231_low_level.o
 .ARM.attributes
                0x000000be       0x34 ./Core/Src/gpio.o
 .ARM.attributes
                0x000000f2       0x34 ./Core/Src/i2c.o
 .ARM.attributes
                0x00000126       0x34 ./Core/Src/main.o
 .ARM.attributes
                0x0000015a       0x34 ./Core/Src/spi.o
 .ARM.attributes
                0x0000018e       0x34 ./Core/Src/stm32f4xx_hal_msp.o
 .ARM.attributes
                0x000001c2       0x34 ./Core/Src/stm32f4xx_it.o
 .ARM.attributes
                0x000001f6       0x34 ./Core/Src/system_stm32f4xx.o
 .ARM.attributes
                0x0000022a       0x34 ./Core/Src/usart.o
 .ARM.attributes
                0x0000025e       0x21 ./Core/Startup/startup_stm32f429zitx.o
 .ARM.attributes
                0x0000027f       0x34 ./Drivers/STM32F4xx_HAL_Driver/Src/stm32f4xx_hal.o
 .ARM.attributes
                0x000002b3       0x34 ./Drivers/STM32F4xx_HAL_Driver/Src/stm32f4xx_hal_cortex.o
 .ARM.attributes
                0x000002e7       0x34 ./Drivers/STM32F4xx_HAL_Driver/Src/stm32f4xx_hal_dma.o
 .ARM.attributes
                0x0000031b       0x34 ./Drivers/STM32F4xx_HAL_Driver/Src/stm32f4xx_hal_gpio.o
 .ARM.attributes
                0x0000034f       0x34 ./Drivers/STM32F4xx_HAL_Driver/Src/stm32f4xx_hal_i2c.o
 .ARM.attributes
                0x00000383       0x34 ./Drivers/STM32F4xx_HAL_Driver/Src/stm32f4xx_hal_i2c_ex.o
 .ARM.attributes
                0x000003b7       0x34 ./Drivers/STM32F4xx_HAL_Driver/Src/stm32f4xx_hal_rcc.o
 .ARM.attributes
                0x000003eb       0x34 ./Drivers/STM32F4xx_HAL_Driver/Src/stm32f4xx_hal_spi.o
 .ARM.attributes
                0x0000041f       0x34 ./Drivers/STM32F4xx_HAL_Driver/Src/stm32f4xx_hal_uart.o
 .ARM.attributes
                0x00000453       0x34 C:/Users/abel/Desktop/folder of Life/hass/STM32CubeIDE/plugins/com.st.stm32cube.ide.mcu.externaltools.gnu-tools-for-stm32.12.3.rel1.win32_1.0.100.202403111256/tools/bin/../lib/gcc/arm-none-eabi/12.3.1/../../../../arm-none-eabi/lib/thumb/v7e-m+fp/hard\libc_nano.a(libc_a-memset.o)
 .ARM.attributes
                0x00000487       0x34 C:/Users/abel/Desktop/folder of Life/hass/STM32CubeIDE/plugins/com.st.stm32cube.ide.mcu.externaltools.gnu-tools-for-stm32.12.3.rel1.win32_1.0.100.202403111256/tools/bin/../lib/gcc/arm-none-eabi/12.3.1/../../../../arm-none-eabi/lib/thumb/v7e-m+fp/hard\libc_nano.a(libc_a-init.o)
 .ARM.attributes
                0x000004bb       0x22 C:/Users/abel/Desktop/folder of Life/hass/STM32CubeIDE/plugins/com.st.stm32cube.ide.mcu.externaltools.gnu-tools-for-stm32.12.3.rel1.win32_1.0.100.202403111256/tools/bin/../lib/gcc/arm-none-eabi/12.3.1/thumb/v7e-m+fp/hard\libgcc.a(_aeabi_uldivmod.o)
 .ARM.attributes
                0x000004dd       0x34 C:/Users/abel/Desktop/folder of Life/hass/STM32CubeIDE/plugins/com.st.stm32cube.ide.mcu.externaltools.gnu-tools-for-stm32.12.3.rel1.win32_1.0.100.202403111256/tools/bin/../lib/gcc/arm-none-eabi/12.3.1/thumb/v7e-m+fp/hard\libgcc.a(_udivmoddi4.o)
 .ARM.attributes
                0x00000511       0x22 C:/Users/abel/Desktop/folder of Life/hass/STM32CubeIDE/plugins/com.st.stm32cube.ide.mcu.externaltools.gnu-tools-for-stm32.12.3.rel1.win32_1.0.100.202403111256/tools/bin/../lib/gcc/arm-none-eabi/12.3.1/thumb/v7e-m+fp/hard\libgcc.a(_dvmd_tls.o)
 .ARM.attributes
                0x00000533       0x22 C:/Users/abel/Desktop/folder of Life/hass/STM32CubeIDE/plugins/com.st.stm32cube.ide.mcu.externaltools.gnu-tools-for-stm32.12.3.rel1.win32_1.0.100.202403111256/tools/bin/../lib/gcc/arm-none-eabi/12.3.1/thumb/v7e-m+fp/hard/crtn.o
OUTPUT(arm-locksys.elf elf32-littlearm)
LOAD linker stubs
LOAD C:/Users/abel/Desktop/folder of Life/hass/STM32CubeIDE/plugins/com.st.stm32cube.ide.mcu.externaltools.gnu-tools-for-stm32.12.3.rel1.win32_1.0.100.202403111256/tools/bin/../lib/gcc/arm-none-eabi/12.3.1/../../../../arm-none-eabi/lib/thumb/v7e-m+fp/hard\libc.a
LOAD C:/Users/abel/Desktop/folder of Life/hass/STM32CubeIDE/plugins/com.st.stm32cube.ide.mcu.externaltools.gnu-tools-for-stm32.12.3.rel1.win32_1.0.100.202403111256/tools/bin/../lib/gcc/arm-none-eabi/12.3.1/../../../../arm-none-eabi/lib/thumb/v7e-m+fp/hard\libm.a
LOAD C:/Users/abel/Desktop/folder of Life/hass/STM32CubeIDE/plugins/com.st.stm32cube.ide.mcu.externaltools.gnu-tools-for-stm32.12.3.rel1.win32_1.0.100.202403111256/tools/bin/../lib/gcc/arm-none-eabi/12.3.1/thumb/v7e-m+fp/hard\libgcc.a

.debug_info     0x00000000     0xf44d
 .debug_info    0x00000000      0x536 ./Core/Src/ds3231.o
 .debug_info    0x00000536      0x7a9 ./Core/Src/ds3231_low_level.o
 .debug_info    0x00000cdf      0x459 ./Core/Src/gpio.o
 .debug_info    0x00001138      0x9be ./Core/Src/i2c.o
 .debug_info    0x00001af6     0x111f ./Core/Src/main.o
 .debug_info    0x00002c15      0xc01 ./Core/Src/spi.o
 .debug_info    0x00003816      0x281 ./Core/Src/stm32f4xx_hal_msp.o
 .debug_info    0x00003a97      0x8ce ./Core/Src/stm32f4xx_it.o
 .debug_info    0x00004365      0x52e ./Core/Src/system_stm32f4xx.o
 .debug_info    0x00004893      0xbdb ./Core/Src/usart.o
 .debug_info    0x0000546e       0x30 ./Core/Startup/startup_stm32f429zitx.o
 .debug_info    0x0000549e      0x9ba ./Drivers/STM32F4xx_HAL_Driver/Src/stm32f4xx_hal.o
 .debug_info    0x00005e58      0xd8d ./Drivers/STM32F4xx_HAL_Driver/Src/stm32f4xx_hal_cortex.o
 .debug_info    0x00006be5      0x8e7 ./Drivers/STM32F4xx_HAL_Driver/Src/stm32f4xx_hal_dma.o
 .debug_info    0x000074cc      0x6db ./Drivers/STM32F4xx_HAL_Driver/Src/stm32f4xx_hal_gpio.o
 .debug_info    0x00007ba7     0x2421 ./Drivers/STM32F4xx_HAL_Driver/Src/stm32f4xx_hal_i2c.o
 .debug_info    0x00009fc8      0x672 ./Drivers/STM32F4xx_HAL_Driver/Src/stm32f4xx_hal_i2c_ex.o
 .debug_info    0x0000a63a      0x8c9 ./Drivers/STM32F4xx_HAL_Driver/Src/stm32f4xx_hal_rcc.o
 .debug_info    0x0000af03     0x15fb ./Drivers/STM32F4xx_HAL_Driver/Src/stm32f4xx_hal_spi.o
 .debug_info    0x0000c4fe     0x2f4f ./Drivers/STM32F4xx_HAL_Driver/Src/stm32f4xx_hal_uart.o

.debug_abbrev   0x00000000     0x2759
 .debug_abbrev  0x00000000      0x1b4 ./Core/Src/ds3231.o
 .debug_abbrev  0x000001b4      0x1a3 ./Core/Src/ds3231_low_level.o
 .debug_abbrev  0x00000357      0x152 ./Core/Src/gpio.o
 .debug_abbrev  0x000004a9      0x20a ./Core/Src/i2c.o
 .debug_abbrev  0x000006b3      0x31e ./Core/Src/main.o
 .debug_abbrev  0x000009d1      0x212 ./Core/Src/spi.o
 .debug_abbrev  0x00000be3       0xd8 ./Core/Src/stm32f4xx_hal_msp.o
 .debug_abbrev  0x00000cbb      0x188 ./Core/Src/stm32f4xx_it.o
 .debug_abbrev  0x00000e43      0x11a ./Core/Src/system_stm32f4xx.o
 .debug_abbrev  0x00000f5d      0x218 ./Core/Src/usart.o
 .debug_abbrev  0x00001175       0x24 ./Core/Startup/startup_stm32f429zitx.o
 .debug_abbrev  0x00001199      0x214 ./Drivers/STM32F4xx_HAL_Driver/Src/stm32f4xx_hal.o
 .debug_abbrev  0x000013ad      0x328 ./Drivers/STM32F4xx_HAL_Driver/Src/stm32f4xx_hal_cortex.o
 .debug_abbrev  0x000016d5      0x264 ./Drivers/STM32F4xx_HAL_Driver/Src/stm32f4xx_hal_dma.o
 .debug_abbrev  0x00001939      0x1d4 ./Drivers/STM32F4xx_HAL_Driver/Src/stm32f4xx_hal_gpio.o
 .debug_abbrev  0x00001b0d      0x2ad ./Drivers/STM32F4xx_HAL_Driver/Src/stm32f4xx_hal_i2c.o
 .debug_abbrev  0x00001dba      0x157 ./Drivers/STM32F4xx_HAL_Driver/Src/stm32f4xx_hal_i2c_ex.o
 .debug_abbrev  0x00001f11      0x2b6 ./Drivers/STM32F4xx_HAL_Driver/Src/stm32f4xx_hal_rcc.o
 .debug_abbrev  0x000021c7      0x284 ./Drivers/STM32F4xx_HAL_Driver/Src/stm32f4xx_hal_spi.o
 .debug_abbrev  0x0000244b      0x30e ./Drivers/STM32F4xx_HAL_Driver/Src/stm32f4xx_hal_uart.o

.debug_aranges  0x00000000      0xcd0
 .debug_aranges
                0x00000000       0x70 ./Core/Src/ds3231.o
 .debug_aranges
                0x00000070       0x40 ./Core/Src/ds3231_low_level.o
 .debug_aranges
                0x000000b0       0x20 ./Core/Src/gpio.o
 .debug_aranges
                0x000000d0       0x30 ./Core/Src/i2c.o
 .debug_aranges
                0x00000100       0x58 ./Core/Src/main.o
 .debug_aranges
                0x00000158       0x30 ./Core/Src/spi.o
 .debug_aranges
                0x00000188       0x20 ./Core/Src/stm32f4xx_hal_msp.o
 .debug_aranges
                0x000001a8       0x70 ./Core/Src/stm32f4xx_it.o
 .debug_aranges
                0x00000218       0x28 ./Core/Src/system_stm32f4xx.o
 .debug_aranges
                0x00000240       0x30 ./Core/Src/usart.o
 .debug_aranges
                0x00000270       0x28 ./Core/Startup/startup_stm32f429zitx.o
 .debug_aranges
                0x00000298      0x100 ./Drivers/STM32F4xx_HAL_Driver/Src/stm32f4xx_hal.o
 .debug_aranges
                0x00000398      0x120 ./Drivers/STM32F4xx_HAL_Driver/Src/stm32f4xx_hal_cortex.o
 .debug_aranges
                0x000004b8       0x90 ./Drivers/STM32F4xx_HAL_Driver/Src/stm32f4xx_hal_dma.o
 .debug_aranges
                0x00000548       0x58 ./Drivers/STM32F4xx_HAL_Driver/Src/stm32f4xx_hal_gpio.o
 .debug_aranges
                0x000005a0      0x2a8 ./Drivers/STM32F4xx_HAL_Driver/Src/stm32f4xx_hal_i2c.o
 .debug_aranges
                0x00000848       0x28 ./Drivers/STM32F4xx_HAL_Driver/Src/stm32f4xx_hal_i2c_ex.o
 .debug_aranges
                0x00000870       0x88 ./Drivers/STM32F4xx_HAL_Driver/Src/stm32f4xx_hal_rcc.o
 .debug_aranges
                0x000008f8      0x1d0 ./Drivers/STM32F4xx_HAL_Driver/Src/stm32f4xx_hal_spi.o
 .debug_aranges
                0x00000ac8      0x208 ./Drivers/STM32F4xx_HAL_Driver/Src/stm32f4xx_hal_uart.o

.debug_rnglists
                0x00000000      0x9ef
 .debug_rnglists
                0x00000000       0x55 ./Core/Src/ds3231.o
 .debug_rnglists
                0x00000055       0x2b ./Core/Src/ds3231_low_level.o
 .debug_rnglists
                0x00000080       0x14 ./Core/Src/gpio.o
 .debug_rnglists
                0x00000094       0x21 ./Core/Src/i2c.o
 .debug_rnglists
                0x000000b5       0x41 ./Core/Src/main.o
 .debug_rnglists
                0x000000f6       0x20 ./Core/Src/spi.o
 .debug_rnglists
                0x00000116       0x13 ./Core/Src/stm32f4xx_hal_msp.o
 .debug_rnglists
                0x00000129       0x4f ./Core/Src/stm32f4xx_it.o
 .debug_rnglists
                0x00000178       0x1a ./Core/Src/system_stm32f4xx.o
 .debug_rnglists
                0x00000192       0x20 ./Core/Src/usart.o
 .debug_rnglists
                0x000001b2       0x19 ./Core/Startup/startup_stm32f429zitx.o
 .debug_rnglists
                0x000001cb       0xbb ./Drivers/STM32F4xx_HAL_Driver/Src/stm32f4xx_hal.o
 .debug_rnglists
                0x00000286       0xd4 ./Drivers/STM32F4xx_HAL_Driver/Src/stm32f4xx_hal_cortex.o
 .debug_rnglists
                0x0000035a       0x70 ./Drivers/STM32F4xx_HAL_Driver/Src/stm32f4xx_hal_dma.o
 .debug_rnglists
                0x000003ca       0x3f ./Drivers/STM32F4xx_HAL_Driver/Src/stm32f4xx_hal_gpio.o
 .debug_rnglists
                0x00000409      0x23c ./Drivers/STM32F4xx_HAL_Driver/Src/stm32f4xx_hal_i2c.o
 .debug_rnglists
                0x00000645       0x19 ./Drivers/STM32F4xx_HAL_Driver/Src/stm32f4xx_hal_i2c_ex.o
 .debug_rnglists
                0x0000065e       0x66 ./Drivers/STM32F4xx_HAL_Driver/Src/stm32f4xx_hal_rcc.o
 .debug_rnglists
                0x000006c4      0x16f ./Drivers/STM32F4xx_HAL_Driver/Src/stm32f4xx_hal_spi.o
 .debug_rnglists
                0x00000833      0x1bc ./Drivers/STM32F4xx_HAL_Driver/Src/stm32f4xx_hal_uart.o

.debug_macro    0x00000000    0x235fe
 .debug_macro   0x00000000      0x1e6 ./Core/Src/ds3231.o
 .debug_macro   0x000001e6      0xab4 ./Core/Src/ds3231.o
 .debug_macro   0x00000c9a      0x2a1 ./Core/Src/ds3231.o
 .debug_macro   0x00000f3b       0x2e ./Core/Src/ds3231.o
 .debug_macro   0x00000f69       0x28 ./Core/Src/ds3231.o
 .debug_macro   0x00000f91       0x22 ./Core/Src/ds3231.o
 .debug_macro   0x00000fb3       0x8e ./Core/Src/ds3231.o
 .debug_macro   0x00001041       0x51 ./Core/Src/ds3231.o
 .debug_macro   0x00001092      0x103 ./Core/Src/ds3231.o
 .debug_macro   0x00001195       0x6a ./Core/Src/ds3231.o
 .debug_macro   0x000011ff      0x1df ./Core/Src/ds3231.o
 .debug_macro   0x000013de       0x1c ./Core/Src/ds3231.o
 .debug_macro   0x000013fa       0x22 ./Core/Src/ds3231.o
 .debug_macro   0x0000141c       0xfb ./Core/Src/ds3231.o
 .debug_macro   0x00001517     0x1011 ./Core/Src/ds3231.o
 .debug_macro   0x00002528      0x11f ./Core/Src/ds3231.o
 .debug_macro   0x00002647    0x17fd8 ./Core/Src/ds3231.o
 .debug_macro   0x0001a61f       0x6d ./Core/Src/ds3231.o
 .debug_macro   0x0001a68c     0x3703 ./Core/Src/ds3231.o
 .debug_macro   0x0001dd8f      0x189 ./Core/Src/ds3231.o
 .debug_macro   0x0001df18       0x5c ./Core/Src/ds3231.o
 .debug_macro   0x0001df74      0xcba ./Core/Src/ds3231.o
 .debug_macro   0x0001ec2e      0x9e9 ./Core/Src/ds3231.o
 .debug_macro   0x0001f617      0x115 ./Core/Src/ds3231.o
 .debug_macro   0x0001f72c      0x156 ./Core/Src/ds3231.o
 .debug_macro   0x0001f882       0xa5 ./Core/Src/ds3231.o
 .debug_macro   0x0001f927      0x182 ./Core/Src/ds3231.o
 .debug_macro   0x0001faa9      0x287 ./Core/Src/ds3231.o
 .debug_macro   0x0001fd30       0x5f ./Core/Src/ds3231.o
 .debug_macro   0x0001fd8f      0x236 ./Core/Src/ds3231.o
 .debug_macro   0x0001ffc5      0x132 ./Core/Src/ds3231.o
 .debug_macro   0x000200f7      0x41d ./Core/Src/ds3231.o
 .debug_macro   0x00020514       0x2e ./Core/Src/ds3231.o
 .debug_macro   0x00020542      0x1b5 ./Core/Src/ds3231.o
 .debug_macro   0x000206f7       0x22 ./Core/Src/ds3231.o
 .debug_macro   0x00020719       0xd6 ./Core/Src/ds3231.o
 .debug_macro   0x000207ef      0x127 ./Core/Src/ds3231.o
 .debug_macro   0x00020916       0xe2 ./Core/Src/ds3231.o
 .debug_macro   0x000209f8       0x89 ./Core/Src/ds3231.o
 .debug_macro   0x00020a81      0x225 ./Core/Src/ds3231.o
 .debug_macro   0x00020ca6      0x2aa ./Core/Src/ds3231.o
 .debug_macro   0x00020f50      0x134 ./Core/Src/ds3231.o
 .debug_macro   0x00021084      0x148 ./Core/Src/ds3231.o
 .debug_macro   0x000211cc      0x1f9 ./Core/Src/ds3231_low_level.o
 .debug_macro   0x000213c5       0x5e ./Core/Src/ds3231_low_level.o
 .debug_macro   0x00021423      0x1f6 ./Core/Src/gpio.o
 .debug_macro   0x00021619       0x58 ./Core/Src/gpio.o
 .debug_macro   0x00021671      0x1f6 ./Core/Src/i2c.o
 .debug_macro   0x00021867      0x239 ./Core/Src/main.o
 .debug_macro   0x00021aa0      0x1f6 ./Core/Src/spi.o
 .debug_macro   0x00021c96      0x1ec ./Core/Src/stm32f4xx_hal_msp.o
 .debug_macro   0x00021e82      0x1f6 ./Core/Src/stm32f4xx_it.o
 .debug_macro   0x00022078      0x1dd ./Core/Src/system_stm32f4xx.o
 .debug_macro   0x00022255      0x1f6 ./Core/Src/usart.o
 .debug_macro   0x0002244b      0x23d ./Drivers/STM32F4xx_HAL_Driver/Src/stm32f4xx_hal.o
 .debug_macro   0x00022688      0x1dd ./Drivers/STM32F4xx_HAL_Driver/Src/stm32f4xx_hal_cortex.o
 .debug_macro   0x00022865      0x1e3 ./Drivers/STM32F4xx_HAL_Driver/Src/stm32f4xx_hal_dma.o
 .debug_macro   0x00022a48      0x1e3 ./Drivers/STM32F4xx_HAL_Driver/Src/stm32f4xx_hal_gpio.o
 .debug_macro   0x00022c2b      0x22b ./Drivers/STM32F4xx_HAL_Driver/Src/stm32f4xx_hal_i2c.o
 .debug_macro   0x00022e56      0x1dd ./Drivers/STM32F4xx_HAL_Driver/Src/stm32f4xx_hal_i2c_ex.o
 .debug_macro   0x00023033      0x201 ./Drivers/STM32F4xx_HAL_Driver/Src/stm32f4xx_hal_rcc.o
 .debug_macro   0x00023234      0x1ec ./Drivers/STM32F4xx_HAL_Driver/Src/stm32f4xx_hal_spi.o
 .debug_macro   0x00023420      0x1de ./Drivers/STM32F4xx_HAL_Driver/Src/stm32f4xx_hal_uart.o

.debug_line     0x00000000    0x12b2d
 .debug_line    0x00000000      0xc0f ./Core/Src/ds3231.o
 .debug_line    0x00000c0f      0x8ce ./Core/Src/ds3231_low_level.o
 .debug_line    0x000014dd      0x850 ./Core/Src/gpio.o
 .debug_line    0x00001d2d      0x87d ./Core/Src/i2c.o
 .debug_line    0x000025aa      0xa1e ./Core/Src/main.o
 .debug_line    0x00002fc8      0x875 ./Core/Src/spi.o
 .debug_line    0x0000383d      0x800 ./Core/Src/stm32f4xx_hal_msp.o
 .debug_line    0x0000403d      0x8f3 ./Core/Src/stm32f4xx_it.o
 .debug_line    0x00004930      0x885 ./Core/Src/system_stm32f4xx.o
 .debug_line    0x000051b5      0x86d ./Core/Src/usart.o
 .debug_line    0x00005a22       0x7a ./Core/Startup/startup_stm32f429zitx.o
 .debug_line    0x00005a9c      0xb24 ./Drivers/STM32F4xx_HAL_Driver/Src/stm32f4xx_hal.o
 .debug_line    0x000065c0      0xdb6 ./Drivers/STM32F4xx_HAL_Driver/Src/stm32f4xx_hal_cortex.o
 .debug_line    0x00007376     0x105e ./Drivers/STM32F4xx_HAL_Driver/Src/stm32f4xx_hal_dma.o
 .debug_line    0x000083d4      0xca2 ./Drivers/STM32F4xx_HAL_Driver/Src/stm32f4xx_hal_gpio.o
 .debug_line    0x00009076     0x3c34 ./Drivers/STM32F4xx_HAL_Driver/Src/stm32f4xx_hal_i2c.o
 .debug_line    0x0000ccaa      0x87b ./Drivers/STM32F4xx_HAL_Driver/Src/stm32f4xx_hal_i2c_ex.o
 .debug_line    0x0000d525      0xe5f ./Drivers/STM32F4xx_HAL_Driver/Src/stm32f4xx_hal_rcc.o
 .debug_line    0x0000e384     0x1de9 ./Drivers/STM32F4xx_HAL_Driver/Src/stm32f4xx_hal_spi.o
 .debug_line    0x0001016d     0x29c0 ./Drivers/STM32F4xx_HAL_Driver/Src/stm32f4xx_hal_uart.o

.debug_str      0x00000000    0xd303e
 .debug_str     0x00000000    0xcf258 ./Core/Src/ds3231.o
                              0xcf517 (size before relaxing)
 .debug_str     0x000cf258      0x6e4 ./Core/Src/ds3231_low_level.o
                              0xcf7eb (size before relaxing)
 .debug_str     0x000cf93c      0x1e9 ./Core/Src/gpio.o
                              0xcedc9 (size before relaxing)
 .debug_str     0x000cfb25       0x76 ./Core/Src/i2c.o
                              0xcf338 (size before relaxing)
 .debug_str     0x000cfb9b      0x688 ./Core/Src/main.o
                              0xcfde2 (size before relaxing)
 .debug_str     0x000d0223      0x5d0 ./Core/Src/spi.o
                              0xcf7ed (size before relaxing)
 .debug_str     0x000d07f3       0x2c ./Core/Src/stm32f4xx_hal_msp.o
                              0xcecfe (size before relaxing)
 .debug_str     0x000d081f      0x112 ./Core/Src/stm32f4xx_it.o
                              0xcf2d4 (size before relaxing)
 .debug_str     0x000d0931       0xdb ./Core/Src/system_stm32f4xx.o
                              0xcec34 (size before relaxing)
 .debug_str     0x000d0a0c       0x51 ./Core/Src/usart.o
                              0xcf81e (size before relaxing)
 .debug_str     0x000d0a5d       0x44 ./Core/Startup/startup_stm32f429zitx.o
                                 0x82 (size before relaxing)
 .debug_str     0x000d0aa1      0x63e ./Drivers/STM32F4xx_HAL_Driver/Src/stm32f4xx_hal.o
                              0xcf857 (size before relaxing)
 .debug_str     0x000d10df      0x33a ./Drivers/STM32F4xx_HAL_Driver/Src/stm32f4xx_hal_cortex.o
                              0xcf553 (size before relaxing)
 .debug_str     0x000d1419      0x31a ./Drivers/STM32F4xx_HAL_Driver/Src/stm32f4xx_hal_dma.o
                              0xcf03b (size before relaxing)
 .debug_str     0x000d1733       0xfd ./Drivers/STM32F4xx_HAL_Driver/Src/stm32f4xx_hal_gpio.o
                              0xcedaf (size before relaxing)
 .debug_str     0x000d1830      0xaef ./Drivers/STM32F4xx_HAL_Driver/Src/stm32f4xx_hal_i2c.o
                              0xcfc44 (size before relaxing)
 .debug_str     0x000d231f       0x3b ./Drivers/STM32F4xx_HAL_Driver/Src/stm32f4xx_hal_i2c_ex.o
                              0xcf003 (size before relaxing)
 .debug_str     0x000d235a      0x213 ./Drivers/STM32F4xx_HAL_Driver/Src/stm32f4xx_hal_rcc.o
                              0xcf068 (size before relaxing)
 .debug_str     0x000d256d      0x515 ./Drivers/STM32F4xx_HAL_Driver/Src/stm32f4xx_hal_spi.o
                              0xcf4e5 (size before relaxing)
 .debug_str     0x000d2a82      0x5bc ./Drivers/STM32F4xx_HAL_Driver/Src/stm32f4xx_hal_uart.o
                              0xcf636 (size before relaxing)

.comment        0x00000000       0x43
 .comment       0x00000000       0x43 ./Core/Src/ds3231.o
                                 0x44 (size before relaxing)
 .comment       0x00000043       0x44 ./Core/Src/ds3231_low_level.o
 .comment       0x00000043       0x44 ./Core/Src/gpio.o
 .comment       0x00000043       0x44 ./Core/Src/i2c.o
 .comment       0x00000043       0x44 ./Core/Src/main.o
 .comment       0x00000043       0x44 ./Core/Src/spi.o
 .comment       0x00000043       0x44 ./Core/Src/stm32f4xx_hal_msp.o
 .comment       0x00000043       0x44 ./Core/Src/stm32f4xx_it.o
 .comment       0x00000043       0x44 ./Core/Src/system_stm32f4xx.o
 .comment       0x00000043       0x44 ./Core/Src/usart.o
 .comment       0x00000043       0x44 ./Drivers/STM32F4xx_HAL_Driver/Src/stm32f4xx_hal.o
 .comment       0x00000043       0x44 ./Drivers/STM32F4xx_HAL_Driver/Src/stm32f4xx_hal_cortex.o
 .comment       0x00000043       0x44 ./Drivers/STM32F4xx_HAL_Driver/Src/stm32f4xx_hal_dma.o
 .comment       0x00000043       0x44 ./Drivers/STM32F4xx_HAL_Driver/Src/stm32f4xx_hal_gpio.o
 .comment       0x00000043       0x44 ./Drivers/STM32F4xx_HAL_Driver/Src/stm32f4xx_hal_i2c.o
 .comment       0x00000043       0x44 ./Drivers/STM32F4xx_HAL_Driver/Src/stm32f4xx_hal_i2c_ex.o
 .comment       0x00000043       0x44 ./Drivers/STM32F4xx_HAL_Driver/Src/stm32f4xx_hal_rcc.o
 .comment       0x00000043       0x44 ./Drivers/STM32F4xx_HAL_Driver/Src/stm32f4xx_hal_spi.o
 .comment       0x00000043       0x44 ./Drivers/STM32F4xx_HAL_Driver/Src/stm32f4xx_hal_uart.o

.debug_frame    0x00000000     0x33dc
 .debug_frame   0x00000000      0x194 ./Core/Src/ds3231.o
 .debug_frame   0x00000194       0xc0 ./Core/Src/ds3231_low_level.o
 .debug_frame   0x00000254       0x34 ./Core/Src/gpio.o
 .debug_frame   0x00000288       0x74 ./Core/Src/i2c.o
 .debug_frame   0x000002fc      0x124 ./Core/Src/main.o
 .debug_frame   0x00000420       0x74 ./Core/Src/spi.o
 .debug_frame   0x00000494       0x38 ./Core/Src/stm32f4xx_hal_msp.o
 .debug_frame   0x000004cc      0x13c ./Core/Src/stm32f4xx_it.o
 .debug_frame   0x00000608       0x58 ./Core/Src/system_stm32f4xx.o
 .debug_frame   0x00000660       0x74 ./Core/Src/usart.o
 .debug_frame   0x000006d4      0x3b4 ./Drivers/STM32F4xx_HAL_Driver/Src/stm32f4xx_hal.o
 .debug_frame   0x00000a88      0x4b8 ./Drivers/STM32F4xx_HAL_Driver/Src/stm32f4xx_hal_cortex.o
 .debug_frame   0x00000f40      0x250 ./Drivers/STM32F4xx_HAL_Driver/Src/stm32f4xx_hal_dma.o
 .debug_frame   0x00001190      0x14c ./Drivers/STM32F4xx_HAL_Driver/Src/stm32f4xx_hal_gpio.o
 .debug_frame   0x000012dc      0xc84 ./Drivers/STM32F4xx_HAL_Driver/Src/stm32f4xx_hal_i2c.o
 .debug_frame   0x00001f60       0x60 ./Drivers/STM32F4xx_HAL_Driver/Src/stm32f4xx_hal_i2c_ex.o
 .debug_frame   0x00001fc0      0x1f4 ./Drivers/STM32F4xx_HAL_Driver/Src/stm32f4xx_hal_rcc.o
 .debug_frame   0x000021b4      0x828 ./Drivers/STM32F4xx_HAL_Driver/Src/stm32f4xx_hal_spi.o
 .debug_frame   0x000029dc      0x954 ./Drivers/STM32F4xx_HAL_Driver/Src/stm32f4xx_hal_uart.o
 .debug_frame   0x00003330       0x20 C:/Users/abel/Desktop/folder of Life/hass/STM32CubeIDE/plugins/com.st.stm32cube.ide.mcu.externaltools.gnu-tools-for-stm32.12.3.rel1.win32_1.0.100.202403111256/tools/bin/../lib/gcc/arm-none-eabi/12.3.1/../../../../arm-none-eabi/lib/thumb/v7e-m+fp/hard\libc_nano.a(libc_a-memset.o)
 .debug_frame   0x00003350       0x2c C:/Users/abel/Desktop/folder of Life/hass/STM32CubeIDE/plugins/com.st.stm32cube.ide.mcu.externaltools.gnu-tools-for-stm32.12.3.rel1.win32_1.0.100.202403111256/tools/bin/../lib/gcc/arm-none-eabi/12.3.1/../../../../arm-none-eabi/lib/thumb/v7e-m+fp/hard\libc_nano.a(libc_a-init.o)
 .debug_frame   0x0000337c       0x2c C:/Users/abel/Desktop/folder of Life/hass/STM32CubeIDE/plugins/com.st.stm32cube.ide.mcu.externaltools.gnu-tools-for-stm32.12.3.rel1.win32_1.0.100.202403111256/tools/bin/../lib/gcc/arm-none-eabi/12.3.1/thumb/v7e-m+fp/hard\libgcc.a(_aeabi_uldivmod.o)
 .debug_frame   0x000033a8       0x34 C:/Users/abel/Desktop/folder of Life/hass/STM32CubeIDE/plugins/com.st.stm32cube.ide.mcu.externaltools.gnu-tools-for-stm32.12.3.rel1.win32_1.0.100.202403111256/tools/bin/../lib/gcc/arm-none-eabi/12.3.1/thumb/v7e-m+fp/hard\libgcc.a(_udivmoddi4.o)

.debug_line_str
                0x00000000       0x66
 .debug_line_str
                0x00000000       0x66 ./Core/Startup/startup_stm32f429zitx.o
