../Core/Src/ds3231.c:38:6:ds3231_init	16	static
../Core/Src/ds3231.c:51:9:ds3231_run_command	16	static
../Core/Src/ds3231.c:71:9:ds3231_run_status	8	static
../Core/Src/ds3231.c:81:9:ds3231_init_status_report	8	static
../Core/Src/ds3231.c:91:6:ds3231_init_status_update	8	static
../Core/Src/ds3231.c:99:6:ds3231_reset	16	static
../Core/Src/ds3231.c:183:9:ds3231_read	16	static
../Core/Src/ds3231.c:244:9:ds3231_set	16	static
../Core/Src/ds3231.c:309:13:ds3231_data_clone	24	static
../Core/Src/ds3231.c:337:13:BCD_to_HEX	24	static
../Core/Src/ds3231.c:346:13:HEX_to_BCD	24	static
