../Core/Src/main.c:84:6:set_time	48	static
../Core/Src/main.c:97:6:get_time	32	static
../Core/Src/main.c:116:5:main	8	static
../Core/Src/main.c:187:6:SystemClock_Config	88	static
../Core/Src/main.c:226:9:dec_to_bcd	16	static
../Core/Src/main.c:230:5:bcd_to_dec	16	static
../Core/Src/main.c:235:6:keypad_read	104	static
../Core/Src/main.c:272:6:toggleLED	8	static
../Core/Src/main.c:277:6:HAL_UART_RxCpltCallback	144	static
../Core/Src/main.c:320:6:HAL_SPI_RxCpltCallback	64	static
../Core/Src/main.c:336:6:Error_Handler	4	static,ignoring_inline_asm
