../Core/Src/stm32f1_rc522.c:9:9:RC522_SPI_Transfer	32	static
../Core/Src/stm32f1_rc522.c:28:6:Write_MFRC522	16	static
../Core/Src/stm32f1_rc522.c:49:9:Read_MFRC522	24	static
../Core/Src/stm32f1_rc522.c:75:6:SetBitMask	24	static
../Core/Src/stm32f1_rc522.c:89:6:ClearBitMask	24	static
../Core/Src/stm32f1_rc522.c:103:6:AntennaOn	8	static
../Core/Src/stm32f1_rc522.c:122:6:AntennaOff	8	static
../Core/Src/stm32f1_rc522.c:134:6:MFRC522_Reset	8	static
../Core/Src/stm32f1_rc522.c:186:6:MFRC522_Init	8	static
../Core/Src/stm32f1_rc522.c:225:9:MFRC522_ToCard	48	static
../Core/Src/stm32f1_rc522.c:348:9:MFRC522_Request	32	static
../Core/Src/stm32f1_rc522.c:373:9:MFRC522_Anticoll	32	static
../Core/Src/stm32f1_rc522.c:414:6:CalulateCRC	40	static
../Core/Src/stm32f1_rc522.c:450:9:MFRC522_SelectTag	48	static
../Core/Src/stm32f1_rc522.c:493:9:MFRC522_Auth	56	static
../Core/Src/stm32f1_rc522.c:528:9:MFRC522_Read	32	static
../Core/Src/stm32f1_rc522.c:553:9:MFRC522_Write	56	static
../Core/Src/stm32f1_rc522.c:595:6:MFRC522_Halt	24	static
