../Core/Src/stm32f1_rc522.c:14:9:RC522_SPI_Transfer	32	static
../Core/Src/stm32f1_rc522.c:33:6:Write_MFRC522	16	static
../Core/Src/stm32f1_rc522.c:54:9:Read_MFRC522	24	static
../Core/Src/stm32f1_rc522.c:80:6:SetBitMask	24	static
../Core/Src/stm32f1_rc522.c:94:6:ClearBitMask	24	static
../Core/Src/stm32f1_rc522.c:108:6:AntennaOn	8	static
../Core/Src/stm32f1_rc522.c:127:6:AntennaOff	8	static
../Core/Src/stm32f1_rc522.c:139:6:MFRC522_Reset	8	static
../Core/Src/stm32f1_rc522.c:191:6:MFRC522_Init	8	static
../Core/Src/stm32f1_rc522.c:230:9:MFRC522_ToCard	48	static
../Core/Src/stm32f1_rc522.c:353:9:MFRC522_Request	32	static
../Core/Src/stm32f1_rc522.c:378:9:MFRC522_Anticoll	32	static
../Core/Src/stm32f1_rc522.c:419:6:CalulateCRC	40	static
../Core/Src/stm32f1_rc522.c:455:9:MFRC522_SelectTag	48	static
../Core/Src/stm32f1_rc522.c:498:9:MFRC522_Auth	56	static
../Core/Src/stm32f1_rc522.c:533:9:MFRC522_Read	32	static
../Core/Src/stm32f1_rc522.c:558:9:MFRC522_Write	56	static
../Core/Src/stm32f1_rc522.c:600:6:MFRC522_Halt	24	static
